<?xml version="1.0" encoding="utf-8"?><testsuites name="pytest tests"><testsuite name="pytest" errors="0" failures="0" skipped="0" tests="7" time="0.319" timestamp="2026-01-08T14:18:23.359107+00:00" hostname="309998537d7e"><testcase classname="tests.test_orders_api" name="test_create_order" time="0.034" /><testcase classname="tests.test_orders_api" name="test_get_order" time="0.025" /><testcase classname="tests.test_orders_api" name="test_update_order_status[Processing]" time="0.025" /><testcase classname="tests.test_orders_api" name="test_update_order_status[Shipped]" time="0.029" /><testcase classname="tests.test_orders_api" name="test_update_order_status[Delivered]" time="0.027" /><testcase classname="tests.test_orders_api" name="test_delete_order" time="0.022" /><testcase classname="tests.test_orders_api" name="test_update_non_existent_order" time="0.010" /></testsuite></testsuites>